ninja: Entering directory `.pio\build\esp32s3cam'
[0/1] Re-running CMake...
-- Component directory C:/Users/Administrator/.platformio/packages/framework-espidf/components/esp_blockdev does not contain a CMakeLists.txt file. No component will be added
-- git rev-parse returned 'fatal: not a git repository (or any of the parent directories): .git'
ninja.exe : fatal: not a git repository (or any of the parent directories): .git
At line:15 char:8854
+ ... rk-espidf"; & "C:\Users\Administrator\.platformio\packages\tool-ninja ...
+                 ~~~~~~~~~~~~~~~~~~~~~~~~~~~~~~~~~~~~~~~~~~~~~~~~~~~~~~~~~
    + CategoryInfo          : NotSpecified: (fatal: not a gi...ectories): .git:String) [], RemoteException
    + FullyQualifiedErrorId : NativeCommandError
 
-- Minimal build - OFF
-- Building ESP-IDF components for target esp32s3
NOTICE: Processing 8 dependencies:
NOTICE: [1/8] espressif/dl_fft (0.6.0)
NOTICE: [2/8] espressif/esp-dl (3.3.8)
NOTICE: [3/8] espressif/esp32-camera (2.1.7)
NOTICE: [4/8] espressif/esp_jpeg (1.3.1)
NOTICE: [5/8] espressif/esp_new_jpeg (1.0.2)
NOTICE: [6/8] espressif/human_face_detect (0.5.0)
NOTICE: [7/8] espressif/mdns (1.11.3)
NOTICE: [8/8] idf (5.5.5)
-- ESP-TEE is currently supported only on the esp32c6;esp32h2;esp32c5 SoCs
-- Project sdkconfig file E:/ESP32-S3-CAM-Tracker/sdkconfig.esp32s3cam
Configuration Report                                                            
 ────────────────────────────────────────────────────────────────────────────── 
   Parser Version: 1                                                            
   Verbosity: default                                                           
   Defaults policy: sdkconfig                                                   
   Status: Finished with notifications                                          
                                                                                
  Disabled Symbols/Choices With User-Set Value                                  
   ──────────────────────────────────────────────────────────────────────────   
    * IDF_TARGET (defined at                                                    
    C:/Users/Administrator/.platformio/packages/framework-espidf/Kconfig:68)    
    with user-set value esp32s3 from                                            
    C:\Users\ADMINI~1\AppData\Local\Temp\kconfgen_tmp3aguyste                   
    * IDF_TARGET_ESP32S3 (defined at                                            
    C:/Users/Administrator/.platformio/packages/framework-espidf/Kconfig:93)    
    with user-set value y from                                                  
    C:\Users\ADMINI~1\AppData\Local\Temp\kconfgen_tmp3aguyste                   
    * ESP_CONSOLE_USB_SERIAL_JTAG_ENABLED (defined at                           
    C:/Users/Administrator/.platformio/packages/framework-espidf/components…    
    with user-set value y from                                                  
    C:\Users\ADMINI~1\AppData\Local\Temp\kconfgen_tmp3aguyste                   
    * ESP_WIFI_DYNAMIC_TX_BUFFER_NUM (defined at                                
    C:/Users/Administrator/.platformio/packages/framework-espidf/components…    
    with user-set value 32 from                                                 
    C:\Users\ADMINI~1\AppData\Local\Temp\kconfgen_tmp3aguyste                   
   ──────────────────────────────────────────────────────────────────────────   
 ────────────────────────────────────────────────────────────────────────────── 
Loading defaults file E:/ESP32-S3-CAM-Tracker/sdkconfig.defaults...
C:\Users\ADMINI~1\AppData\Local\Temp\kconfgen_tmp3aguyste:1 line was updated to # ============ 基础系统 ============n
C:\Users\ADMINI~1\AppData\Local\Temp\kconfgen_tmp3aguyste:8 line was updated to # ============ USB-CDC 原生串口（板上无 UART 桥） ============n
C:\Users\ADMINI~1\AppData\Local\Temp\kconfgen_tmp3aguyste:12 line was updated to # ============ Flash / PSRAM (N16R8) ============n
C:\Users\ADMINI~1\AppData\Local\Temp\kconfgen_tmp3aguyste:28 line was updated to # ============ 分区表 ============n
C:\Users\ADMINI~1\AppData\Local\Temp\kconfgen_tmp3aguyste:32 line was updated to # ============ HTTP Server ============n
C:\Users\ADMINI~1\AppData\Local\Temp\kconfgen_tmp3aguyste:36 line was updated to # ============ LWIP / WiFi 优化（推流性能） ============n
C:\Users\ADMINI~1\AppData\Local\Temp\kconfgen_tmp3aguyste:45 line was updated to # ============ 摄像头（esp32-camera 组件默认引脚不用改，用户在代码里给） ============n
C:\Users\ADMINI~1\AppData\Local\Temp\kconfgen_tmp3aguyste:50 line was updated to # ============ 编译优化 ============n
C:\Users\ADMINI~1\AppData\Local\Temp\kconfgen_tmp3aguyste:54 line was updated to # ============ ESP-DL 相关（人脸检测所需） ============n
-- Compiler supported targets: xtensa-esp-elf
-- Detecting C compiler ABI info
-- Detecting C compiler ABI info - done
-- Detecting CXX compiler ABI info
-- Detecting CXX compiler ABI info - done
-- Detecting C compiler ABI info
-- Detecting C compiler ABI info - done
-- Detecting CXX compiler ABI info
-- Detecting CXX compiler ABI info - done
-- USING O3
-- App "esp32s3cam_tracker" version: 4d97f30-dirty
-- Adding linker script E:/ESP32-S3-CAM-Tracker/.pio/build/esp32s3cam/esp-idf/esp_system/ld/memory.ld
-- Adding linker script E:/ESP32-S3-CAM-Tracker/.pio/build/esp32s3cam/esp-idf/esp_system/ld/sections.ld.in
-- Adding linker script C:/Users/Administrator/.platformio/packages/framework-espidf/components/esp_rom/esp32s3/ld/esp32s3.rom.ld
-- Adding linker script C:/Users/Administrator/.platformio/packages/framework-espidf/components/esp_rom/esp32s3/ld/esp32s3.rom.api.ld
-- Adding linker script C:/Users/Administrator/.platformio/packages/framework-espidf/components/esp_rom/esp32s3/ld/esp32s3.rom.bt_funcs.ld
-- Adding linker script C:/Users/Administrator/.platformio/packages/framework-espidf/components/esp_rom/esp32s3/ld/esp32s3.rom.libgcc.ld
-- Adding linker script C:/Users/Administrator/.platformio/packages/framework-espidf/components/esp_rom/esp32s3/ld/esp32s3.rom.wdt.ld
-- Adding linker script C:/Users/Administrator/.platformio/packages/framework-espidf/components/esp_rom/esp32s3/ld/esp32s3.rom.version.ld
-- Adding linker script C:/Users/Administrator/.platformio/packages/framework-espidf/components/esp_rom/esp32s3/ld/esp32s3.rom.ble_master.ld
-- Adding linker script C:/Users/Administrator/.platformio/packages/framework-espidf/components/esp_rom/esp32s3/ld/esp32s3.rom.ble_50.ld
-- Adding linker script C:/Users/Administrator/.platformio/packages/framework-espidf/components/esp_rom/esp32s3/ld/esp32s3.rom.ble_smp.ld
-- Adding linker script C:/Users/Administrator/.platformio/packages/framework-espidf/components/esp_rom/esp32s3/ld/esp32s3.rom.ble_dtm.ld
-- Adding linker script C:/Users/Administrator/.platformio/packages/framework-espidf/components/esp_rom/esp32s3/ld/esp32s3.rom.ble_test.ld
-- Adding linker script C:/Users/Administrator/.platformio/packages/framework-espidf/components/esp_rom/esp32s3/ld/esp32s3.rom.ble_scan.ld
-- Adding linker script C:/Users/Administrator/.platformio/packages/framework-espidf/components/esp_rom/esp32s3/ld/esp32s3.rom.libc.ld
-- Adding linker script C:/Users/Administrator/.platformio/packages/framework-espidf/components/esp_rom/esp32s3/ld/esp32s3.rom.newlib.ld
-- Adding linker script C:/Users/Administrator/.platformio/packages/framework-espidf/components/soc/esp32s3/ld/esp32s3.peripherals.ld
fatal: not a git repository (or any of the parent directories): .git
fatal: not a git repository (or any of the parent directories): .git
Traceback (most recent call last):
  File "C:\Users\Administrator\.platformio\packages\framework-espidf\components\esp_rom\gen_gdbinit.py", line 72, in <m
odule>
    gdbinit_lines = generate_gdbinit_rom_add_symbols(target)
  File "C:\Users\Administrator\.platformio\packages\framework-espidf\components\esp_rom\gen_gdbinit.py", line 32, in ge
nerate_gdbinit_rom_add_symbols
    raise EnvironmentError(
        'ESP_ROM_ELF_DIR environment variable is not defined. Please try to run IDF "install" and "export" scripts.')
OSError: ESP_ROM_ELF_DIR environment variable is not defined. Please try to run IDF "install" and "export" scripts.
CMake Warning at C:/Users/Administrator/.platformio/packages/framework-espidf/tools/cmake/gdbinit.cmake:52 (message):
  Error while generating esp_rom gdbinit
Call Stack (most recent call first):
  C:/Users/Administrator/.platformio/packages/framework-espidf/tools/cmake/project.cmake:356 (__generate_gdbinit)
  C:/Users/Administrator/.platformio/packages/framework-espidf/tools/cmake/project.cmake:979 (__project_info)
  CMakeLists.txt:4 (project)


-- Components: __pio_env app_trace app_update bootloader bootloader_support bt cmock console cxx driver efuse esp-tls esp_adc esp_app_format esp_bootloader_format esp_coex esp_common esp_driver_ana_cmpr esp_driver_bitscrambler esp_driver_cam esp_driver_dac esp_driver_gpio esp_driver_gptimer esp_driver_i2c esp_driver_i2s esp_driver_isp esp_driver_jpeg esp_driver_ledc esp_driver_mcpwm esp_driver_parlio esp_driver_pcnt esp_driver_ppa esp_driver_rmt esp_driver_sdio esp_driver_sdm esp_driver_sdmmc esp_driver_sdspi esp_driver_spi esp_driver_touch_sens esp_driver_tsens esp_driver_twai esp_driver_uart esp_driver_usb_serial_jtag esp_eth esp_event esp_gdbstub esp_hal_ieee802154 esp_hid esp_http_client esp_http_server esp_https_ota esp_https_server esp_hw_support esp_lcd esp_local_ctrl esp_mm esp_netif esp_netif_stack esp_partition esp_phy esp_pm esp_psram esp_ringbuf esp_rom esp_security esp_system esp_timer esp_vfs_console esp_wifi espcoredump espressif__dl_fft espressif__esp-dl espressif__esp32-camera espressif__esp_jpeg espressif__esp_new_jpeg espressif__human_face_detect espressif__mdns esptool_py fatfs freertos hal heap http_parser idf_test ieee802154 json log lwip main mbedtls mqtt newlib nvs_flash nvs_sec_provider openthread partition_table perfmon protobuf-c protocomm pthread rt sdmmc soc spi_flash spiffs tcp_transport touch_element ulp unity usb vfs wear_levelling wifi_provisioning wpa_supplicant xtensa
-- Component paths: C:/Users/Administrator/.platformio/packages/framework-espidf/components/__pio_env C:/Users/Administrator/.platformio/packages/framework-espidf/components/app_trace C:/Users/Administrator/.platformio/packages/framework-espidf/components/app_update C:/Users/Administrator/.platformio/packages/framework-espidf/components/bootloader C:/Users/Administrator/.platformio/packages/framework-espidf/components/bootloader_support C:/Users/Administrator/.platformio/packages/framework-espidf/components/bt C:/Users/Administrator/.platformio/packages/framework-espidf/components/cmock C:/Users/Administrator/.platformio/packages/framework-espidf/components/console C:/Users/Administrator/.platformio/packages/framework-espidf/components/cxx C:/Users/Administrator/.platformio/packages/framework-espidf/components/driver C:/Users/Administrator/.platformio/packages/framework-espidf/components/efuse C:/Users/Administrator/.platformio/packages/framework-espidf/components/esp-tls C:/Users/Administrator/.platformio/packages/framework-espidf/components/esp_adc C:/Users/Administrator/.platformio/packages/framework-espidf/components/esp_app_format C:/Users/Administrator/.platformio/packages/framework-espidf/components/esp_bootloader_format C:/Users/Administrator/.platformio/packages/framework-espidf/components/esp_coex C:/Users/Administrator/.platformio/packages/framework-espidf/components/esp_common C:/Users/Administrator/.platformio/packages/framework-espidf/components/esp_driver_ana_cmpr C:/Users/Administrator/.platformio/packages/framework-espidf/components/esp_driver_bitscrambler C:/Users/Administrator/.platformio/packages/framework-espidf/components/esp_driver_cam C:/Users/Administrator/.platformio/packages/framework-espidf/components/esp_driver_dac C:/Users/Administrator/.platformio/packages/framework-espidf/components/esp_driver_gpio C:/Users/Administrator/.platformio/packages/framework-espidf/components/esp_driver_gptimer C:/Users/Administrator/.platformio/packages/framework-espidf/components/esp_driver_i2c C:/Users/Administrator/.platformio/packages/framework-espidf/components/esp_driver_i2s C:/Users/Administrator/.platformio/packages/framework-espidf/components/esp_driver_isp C:/Users/Administrator/.platformio/packages/framework-espidf/components/esp_driver_jpeg C:/Users/Administrator/.platformio/packages/framework-espidf/components/esp_driver_ledc C:/Users/Administrator/.platformio/packages/framework-espidf/components/esp_driver_mcpwm C:/Users/Administrator/.platformio/packages/framework-espidf/components/esp_driver_parlio C:/Users/Administrator/.platformio/packages/framework-espidf/components/esp_driver_pcnt C:/Users/Administrator/.platformio/packages/framework-espidf/components/esp_driver_ppa C:/Users/Administrator/.platformio/packages/framework-espidf/components/esp_driver_rmt C:/Users/Administrator/.platformio/packages/framework-espidf/components/esp_driver_sdio C:/Users/Administrator/.platformio/packages/framework-espidf/components/esp_driver_sdm C:/Users/Administrator/.platformio/packages/framework-espidf/components/esp_driver_sdmmc C:/Users/Administrator/.platformio/packages/framework-espidf/components/esp_driver_sdspi C:/Users/Administrator/.platformio/packages/framework-espidf/components/esp_driver_spi C:/Users/Administrator/.platformio/packages/framework-espidf/components/esp_driver_touch_sens C:/Users/Administrator/.platformio/packages/framework-espidf/components/esp_driver_tsens C:/Users/Administrator/.platformio/packages/framework-espidf/components/esp_driver_twai C:/Users/Administrator/.platformio/packages/framework-espidf/components/esp_driver_uart C:/Users/Administrator/.platformio/packages/framework-espidf/components/esp_driver_usb_serial_jtag C:/Users/Administrator/.platformio/packages/framework-espidf/components/esp_eth C:/Users/Administrator/.platformio/packages/framework-espidf/components/esp_event C:/Users/Administrator/.platformio/packages/framework-espidf/components/esp_gdbstub C:/Users/Administrator/.platformio/packages/framework-espidf/components/esp_hal_ieee802154 C:/Users/Administrator/.platformio/packages/framework-espidf/components/esp_hid C:/Users/Administrator/.platformio/packages/framework-espidf/components/esp_http_client C:/Users/Administrator/.platformio/packages/framework-espidf/components/esp_http_server C:/Users/Administrator/.platformio/packages/framework-espidf/components/esp_https_ota C:/Users/Administrator/.platformio/packages/framework-espidf/components/esp_https_server C:/Users/Administrator/.platformio/packages/framework-espidf/components/esp_hw_support C:/Users/Administrator/.platformio/packages/framework-espidf/components/esp_lcd C:/Users/Administrator/.platformio/packages/framework-espidf/components/esp_local_ctrl C:/Users/Administrator/.platformio/packages/framework-espidf/components/esp_mm C:/Users/Administrator/.platformio/packages/framework-espidf/components/esp_netif C:/Users/Administrator/.platformio/packages/framework-espidf/components/esp_netif_stack C:/Users/Administrator/.platformio/packages/framework-espidf/components/esp_partition C:/Users/Administrator/.platformio/packages/framework-espidf/components/esp_phy C:/Users/Administrator/.platformio/packages/framework-espidf/components/esp_pm C:/Users/Administrator/.platformio/packages/framework-espidf/components/esp_psram C:/Users/Administrator/.platformio/packages/framework-espidf/components/esp_ringbuf C:/Users/Administrator/.platformio/packages/framework-espidf/components/esp_rom C:/Users/Administrator/.platformio/packages/framework-espidf/components/esp_security C:/Users/Administrator/.platformio/packages/framework-espidf/components/esp_system C:/Users/Administrator/.platformio/packages/framework-espidf/components/esp_timer C:/Users/Administrator/.platformio/packages/framework-espidf/components/esp_vfs_console C:/Users/Administrator/.platformio/packages/framework-espidf/components/esp_wifi C:/Users/Administrator/.platformio/packages/framework-espidf/components/espcoredump E:/ESP32-S3-CAM-Tracker/managed_components/espressif__dl_fft E:/ESP32-S3-CAM-Tracker/managed_components/espressif__esp-dl E:/ESP32-S3-CAM-Tracker/managed_components/espressif__esp32-camera E:/ESP32-S3-CAM-Tracker/managed_components/espressif__esp_jpeg E:/ESP32-S3-CAM-Tracker/managed_components/espressif__esp_new_jpeg E:/ESP32-S3-CAM-Tracker/managed_components/espressif__human_face_detect E:/ESP32-S3-CAM-Tracker/managed_components/espressif__mdns C:/Users/Administrator/.platformio/packages/framework-espidf/components/esptool_py C:/Users/Administrator/.platformio/packages/framework-espidf/components/fatfs C:/Users/Administrator/.platformio/packages/framework-espidf/components/freertos C:/Users/Administrator/.platformio/packages/framework-espidf/components/hal C:/Users/Administrator/.platformio/packages/framework-espidf/components/heap C:/Users/Administrator/.platformio/packages/framework-espidf/components/http_parser C:/Users/Administrator/.platformio/packages/framework-espidf/components/idf_test C:/Users/Administrator/.platformio/packages/framework-espidf/components/ieee802154 C:/Users/Administrator/.platformio/packages/framework-espidf/components/json C:/Users/Administrator/.platformio/packages/framework-espidf/components/log C:/Users/Administrator/.platformio/packages/framework-espidf/components/lwip E:/ESP32-S3-CAM-Tracker/main C:/Users/Administrator/.platformio/packages/framework-espidf/components/mbedtls C:/Users/Administrator/.platformio/packages/framework-espidf/components/mqtt C:/Users/Administrator/.platformio/packages/framework-espidf/components/newlib C:/Users/Administrator/.platformio/packages/framework-espidf/components/nvs_flash C:/Users/Administrator/.platformio/packages/framework-espidf/components/nvs_sec_provider C:/Users/Administrator/.platformio/packages/framework-espidf/components/openthread C:/Users/Administrator/.platformio/packages/framework-espidf/components/partition_table C:/Users/Administrator/.platformio/packages/framework-espidf/components/perfmon C:/Users/Administrator/.platformio/packages/framework-espidf/components/protobuf-c C:/Users/Administrator/.platformio/packages/framework-espidf/components/protocomm C:/Users/Administrator/.platformio/packages/framework-espidf/components/pthread C:/Users/Administrator/.platformio/packages/framework-espidf/components/rt C:/Users/Administrator/.platformio/packages/framework-espidf/components/sdmmc C:/Users/Administrator/.platformio/packages/framework-espidf/components/soc C:/Users/Administrator/.platformio/packages/framework-espidf/components/spi_flash C:/Users/Administrator/.platformio/packages/framework-espidf/components/spiffs C:/Users/Administrator/.platformio/packages/framework-espidf/components/tcp_transport C:/Users/Administrator/.platformio/packages/framework-espidf/components/touch_element C:/Users/Administrator/.platformio/packages/framework-espidf/components/ulp C:/Users/Administrator/.platformio/packages/framework-espidf/components/unity C:/Users/Administrator/.platformio/packages/framework-espidf/components/usb C:/Users/Administrator/.platformio/packages/framework-espidf/components/vfs C:/Users/Administrator/.platformio/packages/framework-espidf/components/wear_levelling C:/Users/Administrator/.platformio/packages/framework-espidf/components/wifi_provisioning C:/Users/Administrator/.platformio/packages/framework-espidf/components/wpa_supplicant C:/Users/Administrator/.platformio/packages/framework-espidf/components/xtensa
-- Configuring done (273.0s)
-- Generating done (163.5s)
-- Build files have been written to: E:/ESP32-S3-CAM-Tracker/.pio/build/esp32s3cam
[1/18] Building ASM object esp-idf/main/CMakeFiles/__idf_main.dir/__/__/index.html.S.obj
[2/18] Building ASM object esp-idf/main/CMakeFiles/__idf_main.dir/__/__/wifi.html.S.obj
[3/18] Performing build step for 'bootloader'
[1/1] C:\WINDOWS\system32\cmd.exe /C "cd /D E:\ESP32-S3-CAM-Tracker\.pio\build\esp32s3cam\bootloader\esp-idf\esptool_py && C:\Users\Administrator\.platformio\penv\.espidf-5.5.5\Scripts\python.exe C:/Users/Administrator/.platformio/packages/framework-espidf/components/partition_table/check_sizes.py --offset 0x8000 bootloader 0x0 E:/ESP32-S3-CAM-Tracker/.pio/build/esp32s3cam/bootloader/bootloader.bin"
Bootloader binary size 0x5710 bytes. 0x28f0 bytes (32%) free.
[4/18] No install step for 'bootloader'
[5/18] Completed 'bootloader'
[6/18] Building C object esp-idf/main/CMakeFiles/__idf_main.dir/app_gimbal.c.obj
[7/18] Building C object esp-idf/main/CMakeFiles/__idf_main.dir/app_wifi.c.obj
[8/18] Building C object esp-idf/main/CMakeFiles/__idf_main.dir/app_camera.c.obj
[9/18] Building C object esp-idf/main/CMakeFiles/__idf_main.dir/main.c.obj
[10/18] Building C object esp-idf/main/CMakeFiles/__idf_main.dir/app_sdcard.c.obj
FAILED: [code=1] esp-idf/main/CMakeFiles/__idf_main.dir/app_sdcard.c.obj 
C:\Users\Administrator\.platformio\packages\toolchain-xtensa-esp-elf\bin\xtensa-esp32s3-elf-gcc.exe -DESP_MDNS_VERSION_NUMBER=\"1.11.3\" -DESP_PLATFORM -DIDF_VER=\"5.5.5\" -DMBEDTLS_CONFIG_FILE=\"mbedtls/esp_config.h\" -DSOC_MMU_PAGE_SIZE=CONFIG_MMU_PAGE_SIZE -DSOC_XTAL_FREQ_MHZ=CONFIG_XTAL_FREQ -D_GLIBCXX_HAVE_POSIX_SEMAPHORE -D_GLIBCXX_USE_POSIX_SEMAPHORE -D_GNU_SOURCE -D_POSIX_READER_WRITER_LOCKS -IE:/ESP32-S3-CAM-Tracker/.pio/build/esp32s3cam/config -IE:/ESP32-S3-CAM-Tracker/main -IE:/ESP32-S3-CAM-Tracker/main/include -IC:/Users/Administrator/.platformio/packages/framework-espidf/components/newlib/platform_include -IC:/Users/Administrator/.platformio/packages/framework-espidf/components/freertos/config/include -IC:/Users/Administrator/.platformio/packages/framework-espidf/components/freertos/config/include/freertos -IC:/Users/Administrator/.platformio/packages/framework-espidf/components/freertos/config/xtensa/include -IC:/Users/Administrator/.platformio/packages/framework-espidf/components/freertos/FreeRTOS-Kernel/include -IC:/Users/Administrator/.platformio/packages/framework-espidf/components/freertos/FreeRTOS-Kernel/portable/xtensa/include -IC:/Users/Administrator/.platformio/packages/framework-espidf/components/freertos/FreeRTOS-Kernel/portable/xtensa/include/freertos -IC:/Users/Administrator/.platformio/packages/framework-espidf/components/freertos/esp_additions/include -IC:/Users/Administrator/.platformio/packages/framework-espidf/components/esp_hw_support/include -IC:/Users/Administrator/.platformio/packages/framework-espidf/components/esp_hw_support/include/soc -IC:/Users/Administrator/.platformio/packages/framework-espidf/components/esp_hw_support/include/soc/esp32s3 -IC:/Users/Administrator/.platformio/packages/framework-espidf/components/esp_hw_support/dma/include -IC:/Users/Administrator/.platformio/packages/framework-espidf/components/esp_hw_support/ldo/include -IC:/Users/Administrator/.platformio/packages/framework-espidf/components/esp_hw_support/debug_probe/include -IC:/Users/Administrator/.platformio/packages/framework-espidf/components/esp_hw_support/mspi_timing_tuning/include -IC:/Users/Administrator/.platformio/packages/framework-espidf/components/esp_hw_support/mspi_timing_tuning/tuning_scheme_impl/include -IC:/Users/Administrator/.platformio/packages/framework-espidf/components/esp_hw_support/power_supply/include -IC:/Users/Administrator/.platformio/packages/framework-espidf/components/esp_hw_support/port/esp32s3/. -IC:/Users/Administrator/.platformio/packages/framework-espidf/components/esp_hw_support/port/esp32s3/include -IC:/Users/Administrator/.platformio/packages/framework-espidf/components/esp_hw_support/mspi_timing_tuning/port/esp32s3/. -IC:/Users/Administrator/.platformio/packages/framework-espidf/components/esp_hw_support/mspi_timing_tuning/port/esp32s3/include -IC:/Users/Administrator/.platformio/packages/framework-espidf/components/heap/include -IC:/Users/Administrator/.platformio/packages/framework-espidf/components/heap/tlsf -IC:/Users/Administrator/.platformio/packages/framework-espidf/components/log/include -IC:/Users/Administrator/.platformio/packages/framework-espidf/components/soc/include -IC:/Users/Administrator/.platformio/packages/framework-espidf/components/soc/esp32s3 -IC:/Users/Administrator/.platformio/packages/framework-espidf/components/soc/esp32s3/include -IC:/Users/Administrator/.platformio/packages/framework-espidf/components/soc/esp32s3/register -IC:/Users/Administrator/.platformio/packages/framework-espidf/components/hal/platform_port/include -IC:/Users/Administrator/.platformio/packages/framework-espidf/components/hal/esp32s3/include -IC:/Users/Administrator/.platformio/packages/framework-espidf/components/hal/include -IC:/Users/Administrator/.platformio/packages/framework-espidf/components/esp_rom/include -IC:/Users/Administrator/.platformio/packages/framework-espidf/components/esp_rom/esp32s3/include -IC:/Users/Administrator/.platformio/packages/framework-espidf/components/esp_rom/esp32s3/include/esp32s3 -IC:/Users/Administrator/.platformio/packages/framework-espidf/components/esp_rom/esp32s3 -IC:/Users/Administrator/.platformio/packages/framework-espidf/components/esp_common/include -IC:/Users/Administrator/.platformio/packages/framework-espidf/components/esp_system/include -IC:/Users/Administrator/.platformio/packages/framework-espidf/components/esp_system/port/soc -IC:/Users/Administrator/.platformio/packages/framework-espidf/components/esp_system/port/include/private -IC:/Users/Administrator/.platformio/packages/framework-espidf/components/xtensa/esp32s3/include -IC:/Users/Administrator/.platformio/packages/framework-espidf/components/xtensa/include -IC:/Users/Administrator/.platformio/packages/framework-espidf/components/xtensa/deprecated_include -IC:/Users/Administrator/.platformio/packages/framework-espidf/components/lwip/include -IC:/Users/Administrator/.platformio/packages/framework-espidf/components/lwip/include/apps -IC:/Users/Administrator/.platformio/packages/framework-espidf/components/lwip/include/apps/sntp -IC:/Users/Administrator/.platformio/packages/framework-espidf/components/lwip/lwip/src/include -IC:/Users/Administrator/.platformio/packages/framework-espidf/components/lwip/port/include -IC:/Users/Administrator/.platformio/packages/framework-espidf/components/lwip/port/freertos/include -IC:/Users/Administrator/.platformio/packages/framework-espidf/components/lwip/port/esp32xx/include -IC:/Users/Administrator/.platformio/packages/framework-espidf/components/lwip/port/esp32xx/include/arch -IC:/Users/Administrator/.platformio/packages/framework-espidf/components/lwip/port/esp32xx/include/sys -IC:/Users/Administrator/.platformio/packages/framework-espidf/components/esp_wifi/include -IC:/Users/Administrator/.platformio/packages/framework-espidf/components/esp_wifi/include/local -IC:/Users/Administrator/.platformio/packages/framework-espidf/components/esp_wifi/wifi_apps/include -IC:/Users/Administrator/.platformio/packages/framework-espidf/components/esp_wifi/wifi_apps/nan_app/include -IC:/Users/Administrator/.platformio/packages/framework-espidf/components/esp_event/include -IC:/Users/Administrator/.platformio/packages/framework-espidf/components/esp_phy/include -IC:/Users/Administrator/.platformio/packages/framework-espidf/components/esp_phy/esp32s3/include -IC:/Users/Administrator/.platformio/packages/framework-espidf/components/esp_netif/include -IC:/Users/Administrator/.platformio/packages/framework-espidf/components/esp_http_server/include -IC:/Users/Administrator/.platformio/packages/framework-espidf/components/http_parser -IC:/Users/Administrator/.platformio/packages/framework-espidf/components/nvs_flash/include -IC:/Users/Administrator/.platformio/packages/framework-espidf/components/esp_partition/include -IC:/Users/Administrator/.platformio/packages/framework-espidf/components/driver/deprecated -IC:/Users/Administrator/.platformio/packages/framework-espidf/components/driver/i2c/include -IC:/Users/Administrator/.platformio/packages/framework-espidf/components/driver/touch_sensor/include -IC:/Users/Administrator/.platformio/packages/framework-espidf/components/driver/twai/include -IC:/Users/Administrator/.platformio/packages/framework-espidf/components/driver/touch_sensor/esp32s3/include -IC:/Users/Administrator/.platformio/packages/framework-espidf/components/esp_pm/include -IC:/Users/Administrator/.platformio/packages/framework-espidf/components/esp_ringbuf/include -IC:/Users/Administrator/.platformio/packages/framework-espidf/components/esp_driver_gpio/include -IC:/Users/Administrator/.platformio/packages/framework-espidf/components/esp_driver_pcnt/include -IC:/Users/Administrator/.platformio/packages/framework-espidf/components/esp_driver_gptimer/include -IC:/Users/Administrator/.platformio/packages/framework-espidf/components/esp_driver_spi/include -IC:/Users/Administrator/.platformio/packages/framework-espidf/components/esp_driver_mcpwm/include -IC:/Users/Administrator/.platformio/packages/framework-espidf/components/esp_driver_ana_cmpr/include -IC:/Users/Administrator/.platformio/packages/framework-espidf/components/esp_driver_i2s/include -IC:/Users/Administrator/.platformio/packages/framework-espidf/components/esp_driver_sdmmc/include -IC:/Users/Administrator/.platformio/packages/framework-espidf/components/sdmmc/include -IC:/Users/Administrator/.platformio/packages/framework-espidf/components/esp_driver_sdspi/include -IC:/Users/Administrator/.platformio/packages/framework-espidf/components/esp_driver_sdio/include -IC:/Users/Administrator/.platformio/packages/framework-espidf/components/esp_driver_dac/include -IC:/Users/Administrator/.platformio/packages/framework-espidf/components/esp_driver_rmt/include -IC:/Users/Administrator/.platformio/packages/framework-espidf/components/esp_driver_tsens/include -IC:/Users/Administrator/.platformio/packages/framework-espidf/components/esp_driver_sdm/include -IC:/Users/Administrator/.platformio/packages/framework-espidf/components/esp_driver_i2c/include -IC:/Users/Administrator/.platformio/packages/framework-espidf/components/esp_driver_uart/include -IC:/Users/Administrator/.platformio/packages/framework-espidf/components/vfs/include -IC:/Users/Administrator/.platformio/packages/framework-espidf/components/esp_driver_ledc/include -IC:/Users/Administrator/.platformio/packages/framework-espidf/components/esp_driver_parlio/include -IC:/Users/Administrator/.platformio/packages/framework-espidf/components/esp_driver_usb_serial_jtag/include -IC:/Users/Administrator/.platformio/packages/framework-espidf/components/esp_driver_twai/include -IE:/ESP32-S3-CAM-Tracker/managed_components/espressif__esp32-camera/driver/include -IE:/ESP32-S3-CAM-Tracker/managed_components/espressif__esp32-camera/conversions/include -IE:/ESP32-S3-CAM-Tracker/managed_components/espressif__esp_jpeg/include -IE:/ESP32-S3-CAM-Tracker/managed_components/espressif__esp-dl/dl -IE:/ESP32-S3-CAM-Tracker/managed_components/espressif__esp-dl/dl/tool/include -IE:/ESP32-S3-CAM-Tracker/managed_components/espressif__esp-dl/dl/tensor/include -IE:/ESP32-S3-CAM-Tracker/managed_components/espressif__esp-dl/dl/base -IE:/ESP32-S3-CAM-Tracker/managed_components/espressif__esp-dl/dl/base/isa -IE:/ESP32-S3-CAM-Tracker/managed_components/espressif__esp-dl/dl/math/include -IE:/ESP32-S3-CAM-Tracker/managed_components/espressif__esp-dl/dl/model/include -IE:/ESP32-S3-CAM-Tracker/managed_components/espressif__esp-dl/dl/module/include -IE:/ESP32-S3-CAM-Tracker/managed_components/espressif__esp-dl/fbs_loader/include -IE:/ESP32-S3-CAM-Tracker/managed_components/espressif__esp-dl/vision/detect -IE:/ESP32-S3-CAM-Tracker/managed_components/espressif__esp-dl/vision/image -IE:/ESP32-S3-CAM-Tracker/managed_components/espressif__esp-dl/vision/image/isa -IE:/ESP32-S3-CAM-Tracker/managed_components/espressif__esp-dl/vision/recognition -IE:/ESP32-S3-CAM-Tracker/managed_components/espressif__esp-dl/vision/classification -IE:/ESP32-S3-CAM-Tracker/managed_components/espressif__esp-dl/audio/common -IE:/ESP32-S3-CAM-Tracker/managed_components/espressif__esp-dl/audio/speech_features -IE:/ESP32-S3-CAM-Tracker/managed_components/espressif__esp-dl/dl/base/isa/tie728 -IE:/ESP32-S3-CAM-Tracker/managed_components/espressif__esp-dl/dl/base/isa/xtensa -IE:/ESP32-S3-CAM-Tracker/managed_components/espressif__dl_fft -IE:/ESP32-S3-CAM-Tracker/managed_components/espressif__dl_fft/base -IE:/ESP32-S3-CAM-Tracker/managed_components/espressif__dl_fft/base/isa -IC:/Users/Administrator/.platformio/packages/framework-espidf/components/esp_mm/include -IE:/ESP32-S3-CAM-Tracker/managed_components/espressif__esp_new_jpeg/include -IC:/Users/Administrator/.platformio/packages/framework-espidf/components/esp_driver_jpeg/include -IC:/Users/Administrator/.platformio/packages/framework-espidf/components/esp_driver_ppa/include -IC:/Users/Administrator/.platformio/packages/framework-espidf/components/esp_timer/include -IC:/Users/Administrator/.platformio/packages/framework-espidf/components/mbedtls/port/include -IC:/Users/Administrator/.platformio/packages/framework-espidf/components/mbedtls/mbedtls/include -IC:/Users/Administrator/.platformio/packages/framework-espidf/components/mbedtls/mbedtls/library -IC:/Users/Administrator/.platformio/packages/framework-espidf/components/mbedtls/esp_crt_bundle/include -IC:/Users/Administrator/.platformio/packages/framework-espidf/components/mbedtls/mbedtls/3rdparty/everest/include -IC:/Users/Administrator/.platformio/packages/framework-espidf/components/mbedtls/mbedtls/3rdparty/p256-m -IC:/Users/Administrator/.platformio/packages/framework-espidf/components/mbedtls/mbedtls/3rdparty/p256-m/p256-m -IC:/Users/Administrator/.platformio/packages/framework-espidf/components/spi_flash/include -IC:/Users/Administrator/.platformio/packages/framework-espidf/components/fatfs/diskio -IC:/Users/Administrator/.platformio/packages/framework-espidf/components/fatfs/src -IC:/Users/Administrator/.platformio/packages/framework-espidf/components/fatfs/vfs -IC:/Users/Administrator/.platformio/packages/framework-espidf/components/wear_levelling/include -IE:/ESP32-S3-CAM-Tracker/managed_components/espressif__human_face_detect -IE:/ESP32-S3-CAM-Tracker/managed_components/espressif__mdns/include -IC:/Users/Administrator/.platformio/packages/framework-espidf/components/console -IC:/Users/Administrator/.platformio/packages/framework-espidf/components/esp_vfs_console/include @"E:/ESP32-S3-CAM-Tracker/.pio/build/esp32s3cam/toolchain/cflags" -fdiagnostics-color=always -ffunction-sections -fdata-sections -Wno-error=unused-function -Wno-error=unused-variable -Wno-error=unused-but-set-variable -Wno-error=deprecated-declarations -Wno-error=extra -Wno-unused-parameter -Wno-sign-compare -Wno-enum-conversion -gdwarf-4 -ggdb -O2 -fmacro-prefix-map=E:/ESP32-S3-CAM-Tracker=. -fmacro-prefix-map=C:/Users/Administrator/.platformio/packages/framework-espidf=/IDF -fstrict-volatile-bitfields -fno-jump-tables -fno-tree-switch-conversion -std=gnu17 -Wno-old-style-declaration -MD -MT esp-idf/main/CMakeFiles/__idf_main.dir/app_sdcard.c.obj -MF esp-idf\main\CMakeFiles\__idf_main.dir\app_sdcard.c.obj.d -o esp-idf/main/CMakeFiles/__idf_main.dir/app_sdcard.c.obj -c E:/ESP32-S3-CAM-Tracker/main/app_sdcard.c
E:/ESP32-S3-CAM-Tracker/main/app_sdcard.c: In function 'app_sdcard_ensure_free':
E:/ESP32-S3-CAM-Tracker/main/app_sdcard.c:197:13: error: implicit declaration of function 'unlink'; did you mean 'f_unlink'? [-Wimplicit-function-declaration]
  197 |         if (unlink(path) == 0) {
      |             ^~~~~~
      |             f_unlink
[11/18] Building C object esp-idf/main/CMakeFiles/__idf_main.dir/app_httpd.c.obj
[12/18] Building CXX object esp-idf/main/CMakeFiles/__idf_main.dir/app_face_detect.cpp.obj
ninja: build stopped: subcommand failed.
