ninja: Entering directory `.pio\build\esp32s3cam'
[1/9] Performing build step for 'bootloader'
[1/1] C:\WINDOWS\system32\cmd.exe /C "cd /D E:\ESP32-S3-CAM-Tracker\.pio\build\esp32s3cam\bootloader\esp-idf\esptool_py && C:\Users\Administrator\.platformio\penv\.espidf-5.5.5\Scripts\python.exe C:/Users/Administrator/.platformio/packages/framework-espidf/components/partition_table/check_sizes.py --offset 0x8000 bootloader 0x0 E:/ESP32-S3-CAM-Tracker/.pio/build/esp32s3cam/bootloader/bootloader.bin"
Bootloader binary size 0x5710 bytes. 0x28f0 bytes (32%) free.
[2/9] No install step for 'bootloader'
[3/9] Completed 'bootloader'
[4/9] Building C object esp-idf/main/CMakeFiles/__idf_main.dir/main.c.obj
[5/9] Linking C static library esp-idf\main\libmain.a
[6/9] Generating esp-idf/esp_system/ld/sections.ld
[7/9] Linking CXX executable esp32s3cam_tracker.elf
[8/9] Generating binary image from built executable
Warning: Deprecated: Option '--flash_mode' is deprecated. Use '--flash-mode' instead.
Warning: Deprecated: Option '--flash_freq' is deprecated. Use '--flash-freq' instead.
Warning: Deprecated: Option '--flash_size' is deprecated. Use '--flash-size' instead.
esptool v5.3.0
Creating ESP32-S3 image...
Merged 2 ELF sections.
Successfully created ESP32-S3 image.
Generated E:/ESP32-S3-CAM-Tracker/.pio/build/esp32s3cam/esp32s3cam_tracker.bin
[9/9] C:\WINDOWS\system32\cmd.exe /C "cd /D E:\ESP32-S3-CAM-Tracker\.pio\build\esp32s3cam\esp-idf\esptool_py && C:\Users\Administrator\.platformio\penv\.espidf-5.5.5\Scripts\python.exe C:/Users/Administrator/.platformio/packages/framework-espidf/components/partition_table/check_sizes.py --offset 0x8000 partition --type app E:/ESP32-S3-CAM-Tracker/.pio/build/esp32s3cam/partition_table/partition-table.bin E:/ESP32-S3-CAM-Tracker/.pio/build/esp32s3cam/esp32s3cam_tracker.bin"
esp32s3cam_tracker.bin binary size 0x2a9ef0 bytes. Smallest app partition is 0x400000 bytes. 0x156110 bytes (33%) free.
